// Jest Snapshot v1, https://goo.gl/fbAQLP

exports[`matches snapshot 1`] = `
<DocumentFragment>
  <table>
    <tbody>
      <tr>
        <td
          class="placeholder-tile"
        >
          <div
            class="item"
          />
        </td>
      </tr>
    </tbody>
  </table>
</DocumentFragment>
`;
