// Jest Snapshot v1, https://goo.gl/fbAQLP

exports[`matches snapshot 1`] = `
<DocumentFragment>
  <div>
    <nav
      class="navbar navbar-expand-md"
    >
      <a
        aria-current="page"
        class="navbar-brand active"
        href="/"
      >
        Musical Forest
      </a>
      <ul
        class="ml-auto align-bottom p-2 px-5 navbar-nav"
      >
        <li
          class="nav-item"
        >
          <a
            href="/groups/"
          >
            Your Groups
          </a>
        </li>
        <li
          class="nav-item"
        >
          <a
            class=""
            href="/findgroup"
          >
            Find Groups
          </a>
        </li>
        <li
          class="nav-item"
        >
          <a
            class=""
            href="/newgroup"
          >
            Create a Group
          </a>
        </li>
        <li
          class="nav-item"
        >
          <a
            class="btn btn-primary border-dark"
            href="/logout"
          >
            Logout
          </a>
        </li>
      </ul>
    </nav>
  </div>
</DocumentFragment>
`;
