// Jest Snapshot v1, https://goo.gl/fbAQLP

exports[`matches snapshot 1`] = `
<DocumentFragment>
  <div
    class="home-anon"
  >
    <div
      class=" container pt-5"
    >
      <div
        class="row justify-content-center mt-5"
      >
        <div
          class="col-6 mt-5 align-middle"
        >
          <div
            class="jumbotron mt-5 bg-dark text-light"
          >
            <div
              id="login"
            >
              <h1>
                Welcome to Musical Forest!
              </h1>
              <p
                class="mt-3"
              >
                To get started, 
                <a
                  class="btn btn-success"
                  href="/login"
                >
                  Log in with Spotify
                </a>
              </p>
            </div>
          </div>
        </div>
      </div>
    </div>
  </div>
</DocumentFragment>
`;
